{"timestamp":"2026-02-26T13:11:44.254Z","jobTitle":"Workshop Service Engineer","company":"ABB","reason":"Keyword mismatch (Java/Spring Boot)","jobId":"260226930395","jobUrl":"https://www.naukri.com/job-listings-workshop-service-engineer-abb-india-limited-bengaluru-vadodara-2-to-5-years-260226930395"}
{"timestamp":"2026-02-26T13:11:44.269Z","jobTitle":"Machine Learning Engineer","company":"ABB","reason":"Keyword mismatch (Java/Spring Boot)","jobId":"260226930289","jobUrl":"https://www.naukri.com/job-listings-machine-learning-engineer-abb-india-limited-bengaluru-2-to-5-years-260226930289"}
{"timestamp":"2026-02-26T13:11:44.291Z","jobTitle":"Red Hat Ansible Developer Engineer","company":"ABB","reason":"Keyword mismatch (Java/Spring Boot)","jobId":"260226930257","jobUrl":"https://www.naukri.com/job-listings-red-hat-ansible-developer-engineer-abb-india-limited-bengaluru-2-to-5-years-260226930257"}
{"timestamp":"2026-02-26T13:11:44.312Z","jobTitle":"Qa Engineer","company":"A Client of Ventures HRD Centre Pvt Ltd","reason":"Keyword mismatch (Java/Spring Boot)","jobId":"260226030031","jobUrl":"https://www.naukri.com/job-listings-qa-engineer-ventures-hrd-centre-bengaluru-2-to-7-years-260226030031"}
{"timestamp":"2026-02-26T13:11:44.329Z","jobTitle":"Prompt Engineer","company":"Domatel Services","reason":"Keyword mismatch (Java/Spring Boot)","jobId":"260226029217","jobUrl":"https://www.naukri.com/job-listings-prompt-engineer-domatel-services-surat-1-to-3-years-260226029217"}
{"timestamp":"2026-02-26T13:11:44.347Z","jobTitle":"Monitoring Engineer (L1)","company":"NTT DATA","reason":"Keyword mismatch (Java/Spring Boot)","jobId":"260226029208","jobUrl":"https://www.naukri.com/job-listings-monitoring-engineer-l1-ntt-data-mumbai-all-areas-1-to-3-years-260226029208"}
{"timestamp":"2026-02-26T13:11:44.362Z","jobTitle":"Data Analyst","company":"Client of Genuine Mantra","reason":"Keyword mismatch (Java/Spring Boot)","jobId":"260226028799","jobUrl":"https://www.naukri.com/job-listings-data-analyst-genuine-mantra-gurugram-2-to-5-years-260226028799"}
{"timestamp":"2026-02-26T13:11:44.377Z","jobTitle":"Engineer, Senior - Compiler development","company":"Qualcomm","reason":"Keyword mismatch (Java/Spring Boot)","jobId":"260226928755","jobUrl":"https://www.naukri.com/job-listings-engineer-senior-compiler-development-qualcomm-india-pvt-ltd-hyderabad-2-to-7-years-260226928755"}
{"timestamp":"2026-02-26T13:11:44.395Z","jobTitle":"Application Developer","company":"Accenture","reason":"Company is excluded","jobId":"260226928734","jobUrl":"https://www.naukri.com/job-listings-application-developer-accenture-solutions-pvt-ltd-chennai-2-to-5-years-260226928734"}
{"timestamp":"2026-02-26T13:11:44.409Z","jobTitle":"Custom Software Engineer","company":"Accenture","reason":"Company is excluded","jobId":"260226928733","jobUrl":"https://www.naukri.com/job-listings-custom-software-engineer-accenture-solutions-pvt-ltd-chennai-2-to-5-years-260226928733"}
{"timestamp":"2026-02-26T13:11:44.418Z","jobTitle":"Custom Software Engineer","company":"Accenture","reason":"Company is excluded","jobId":"260226928729","jobUrl":"https://www.naukri.com/job-listings-custom-software-engineer-accenture-solutions-pvt-ltd-chennai-2-to-5-years-260226928729"}
{"timestamp":"2026-02-26T13:11:44.431Z","jobTitle":"Application Designer","company":"Accenture","reason":"Company is excluded","jobId":"260226928697","jobUrl":"https://www.naukri.com/job-listings-application-designer-accenture-solutions-pvt-ltd-chennai-2-to-5-years-260226928697"}
{"timestamp":"2026-02-26T13:11:44.441Z","jobTitle":"Quality Engineer (Tester)","company":"Accenture","reason":"Company is excluded","jobId":"260226928694","jobUrl":"https://www.naukri.com/job-listings-quality-engineer-tester-accenture-solutions-pvt-ltd-chennai-2-to-7-years-260226928694"}
{"timestamp":"2026-02-26T13:11:44.453Z","jobTitle":"Custom Software Engineer","company":"Accenture","reason":"Company is excluded","jobId":"260226928674","jobUrl":"https://www.naukri.com/job-listings-custom-software-engineer-accenture-solutions-pvt-ltd-chennai-2-to-5-years-260226928674"}
{"timestamp":"2026-02-26T13:11:44.463Z","jobTitle":"Custom Software Engineer","company":"Accenture","reason":"Company is excluded","jobId":"260226928668","jobUrl":"https://www.naukri.com/job-listings-custom-software-engineer-accenture-solutions-pvt-ltd-navi-mumbai-2-to-5-years-260226928668"}
{"timestamp":"2026-02-26T13:11:44.473Z","jobTitle":"Application Developer","company":"Accenture","reason":"Company is excluded","jobId":"260226928667","jobUrl":"https://www.naukri.com/job-listings-application-developer-accenture-solutions-pvt-ltd-pune-2-to-5-years-260226928667"}
{"timestamp":"2026-02-26T13:11:44.485Z","jobTitle":"Application Developer","company":"Accenture","reason":"Company is excluded","jobId":"260226928662","jobUrl":"https://www.naukri.com/job-listings-application-developer-accenture-solutions-pvt-ltd-bengaluru-2-to-5-years-260226928662"}
{"timestamp":"2026-02-26T13:11:44.493Z","jobTitle":"Application Developer","company":"Accenture","reason":"Company is excluded","jobId":"260226928661","jobUrl":"https://www.naukri.com/job-listings-application-developer-accenture-solutions-pvt-ltd-bengaluru-2-to-5-years-260226928661"}
{"timestamp":"2026-02-26T13:11:44.501Z","jobTitle":"Application Developer","company":"Accenture","reason":"Company is excluded","jobId":"260226928657","jobUrl":"https://www.naukri.com/job-listings-application-developer-accenture-solutions-pvt-ltd-bengaluru-2-to-5-years-260226928657"}
{"timestamp":"2026-02-26T13:11:48.517Z","jobTitle":"Software Development Engineer","company":"Accenture","reason":"Company is excluded","jobId":"260226928650","jobUrl":"https://www.naukri.com/job-listings-software-development-engineer-accenture-solutions-pvt-ltd-bengaluru-1-to-4-years-260226928650"}
{"timestamp":"2026-02-26T13:11:48.532Z","jobTitle":"Application Developer","company":"Accenture","reason":"Company is excluded","jobId":"260226928646","jobUrl":"https://www.naukri.com/job-listings-application-developer-accenture-solutions-pvt-ltd-bengaluru-2-to-5-years-260226928646"}
{"timestamp":"2026-02-26T13:11:48.544Z","jobTitle":"Custom Software Engineer","company":"Accenture","reason":"Company is excluded","jobId":"260226928640","jobUrl":"https://www.naukri.com/job-listings-custom-software-engineer-accenture-solutions-pvt-ltd-bengaluru-2-to-5-years-260226928640"}
{"timestamp":"2026-02-26T13:11:48.554Z","jobTitle":"Principal Data Operations Analyst","company":"Nielseniq India","reason":"Keyword mismatch (Java/Spring Boot)","jobId":"260226028639","jobUrl":"https://www.naukri.com/job-listings-principal-data-operations-analyst-nielseniq-india-private-limited-vadodara-1-to-5-years-260226028639"}
{"timestamp":"2026-02-26T13:11:48.562Z","jobTitle":"Application Support Engineer","company":"Accenture","reason":"Company is excluded","jobId":"260226928629","jobUrl":"https://www.naukri.com/job-listings-application-support-engineer-accenture-solutions-pvt-ltd-bengaluru-1-to-4-years-260226928629"}
{"timestamp":"2026-02-26T13:11:48.570Z","jobTitle":"Custom Software Engineer","company":"Accenture","reason":"Company is excluded","jobId":"260226928622","jobUrl":"https://www.naukri.com/job-listings-custom-software-engineer-accenture-solutions-pvt-ltd-bengaluru-2-to-5-years-260226928622"}
{"timestamp":"2026-02-26T13:11:48.577Z","jobTitle":"Data Platform Engineer","company":"Accenture","reason":"Company is excluded","jobId":"260226928616","jobUrl":"https://www.naukri.com/job-listings-data-platform-engineer-accenture-solutions-pvt-ltd-hyderabad-2-to-5-years-260226928616"}
{"timestamp":"2026-02-26T13:11:48.584Z","jobTitle":"Data Platform Engineer","company":"Accenture","reason":"Company is excluded","jobId":"260226928609","jobUrl":"https://www.naukri.com/job-listings-data-platform-engineer-accenture-solutions-pvt-ltd-hyderabad-2-to-5-years-260226928609"}
{"timestamp":"2026-02-26T13:11:48.591Z","jobTitle":"Data Platform Engineer","company":"Accenture","reason":"Company is excluded","jobId":"260226928606","jobUrl":"https://www.naukri.com/job-listings-data-platform-engineer-accenture-solutions-pvt-ltd-hyderabad-2-to-5-years-260226928606"}
{"timestamp":"2026-02-26T13:11:48.597Z","jobTitle":"Data Engineer","company":"Accenture","reason":"Company is excluded","jobId":"260226928603","jobUrl":"https://www.naukri.com/job-listings-data-engineer-accenture-solutions-pvt-ltd-hyderabad-2-to-4-years-260226928603"}
{"timestamp":"2026-02-26T13:11:48.607Z","jobTitle":"Application Developer","company":"Accenture","reason":"Company is excluded","jobId":"260226928601","jobUrl":"https://www.naukri.com/job-listings-application-developer-accenture-solutions-pvt-ltd-hyderabad-2-to-5-years-260226928601"}
{"timestamp":"2026-02-26T13:11:48.614Z","jobTitle":"Application Developer","company":"Accenture","reason":"Company is excluded","jobId":"260226928595","jobUrl":"https://www.naukri.com/job-listings-application-developer-accenture-solutions-pvt-ltd-hyderabad-2-to-5-years-260226928595"}
{"timestamp":"2026-02-26T13:11:48.622Z","jobTitle":"Application Developer","company":"Accenture","reason":"Company is excluded","jobId":"260226928596","jobUrl":"https://www.naukri.com/job-listings-application-developer-accenture-solutions-pvt-ltd-hyderabad-2-to-5-years-260226928596"}
{"timestamp":"2026-02-26T13:11:48.629Z","jobTitle":"Software Development Engineer","company":"Accenture","reason":"Company is excluded","jobId":"260226928592","jobUrl":"https://www.naukri.com/job-listings-software-development-engineer-accenture-solutions-pvt-ltd-hyderabad-1-to-4-years-260226928592"}
{"timestamp":"2026-02-26T13:11:48.636Z","jobTitle":"Custom Software Engineer","company":"Accenture","reason":"Company is excluded","jobId":"260226928590","jobUrl":"https://www.naukri.com/job-listings-custom-software-engineer-accenture-solutions-pvt-ltd-hyderabad-2-to-5-years-260226928590"}
{"timestamp":"2026-02-26T13:11:48.642Z","jobTitle":"Application Developer","company":"Accenture","reason":"Company is excluded","jobId":"260226928589","jobUrl":"https://www.naukri.com/job-listings-application-developer-accenture-solutions-pvt-ltd-hyderabad-2-to-5-years-260226928589"}
{"timestamp":"2026-02-26T13:11:48.648Z","jobTitle":"Application Developer","company":"Accenture","reason":"Company is excluded","jobId":"260226928588","jobUrl":"https://www.naukri.com/job-listings-application-developer-accenture-solutions-pvt-ltd-hyderabad-2-to-5-years-260226928588"}
{"timestamp":"2026-02-26T13:11:48.655Z","jobTitle":"Custom Software Engineer","company":"Accenture","reason":"Company is excluded","jobId":"260226928586","jobUrl":"https://www.naukri.com/job-listings-custom-software-engineer-accenture-solutions-pvt-ltd-hyderabad-2-to-5-years-260226928586"}
{"timestamp":"2026-02-26T13:11:48.662Z","jobTitle":"Custom Software Engineer","company":"Accenture","reason":"Company is excluded","jobId":"260226928584","jobUrl":"https://www.naukri.com/job-listings-custom-software-engineer-accenture-solutions-pvt-ltd-hyderabad-2-to-5-years-260226928584"}
{"timestamp":"2026-02-26T13:11:48.669Z","jobTitle":"Full Stack Engineer","company":"Accenture","reason":"Company is excluded","jobId":"260226928579","jobUrl":"https://www.naukri.com/job-listings-full-stack-engineer-accenture-solutions-pvt-ltd-hyderabad-2-to-5-years-260226928579"}
{"timestamp":"2026-02-26T13:11:52.613Z","jobTitle":"Custom Software Engineer","company":"Accenture","reason":"Company is excluded","jobId":"260226928578","jobUrl":"https://www.naukri.com/job-listings-custom-software-engineer-accenture-solutions-pvt-ltd-hyderabad-2-to-5-years-260226928578"}
{"timestamp":"2026-02-26T13:11:52.627Z","jobTitle":"Custom Software Engineer","company":"Accenture","reason":"Company is excluded","jobId":"260226928573","jobUrl":"https://www.naukri.com/job-listings-custom-software-engineer-accenture-solutions-pvt-ltd-hyderabad-2-to-5-years-260226928573"}
{"timestamp":"2026-02-26T13:11:52.636Z","jobTitle":"Custom Software Engineer","company":"Accenture","reason":"Company is excluded","jobId":"260226928564","jobUrl":"https://www.naukri.com/job-listings-custom-software-engineer-accenture-solutions-pvt-ltd-hyderabad-2-to-5-years-260226928564"}
{"timestamp":"2026-02-26T13:11:52.644Z","jobTitle":"Custom Software Engineer","company":"Accenture","reason":"Company is excluded","jobId":"260226928561","jobUrl":"https://www.naukri.com/job-listings-custom-software-engineer-accenture-solutions-pvt-ltd-hyderabad-2-to-5-years-260226928561"}
{"timestamp":"2026-02-26T13:11:52.653Z","jobTitle":"Software Development Engineer","company":"Accenture","reason":"Company is excluded","jobId":"260226928554","jobUrl":"https://www.naukri.com/job-listings-software-development-engineer-accenture-solutions-pvt-ltd-bengaluru-1-to-4-years-260226928554"}
{"timestamp":"2026-02-26T13:11:52.661Z","jobTitle":"Custom Software Engineer","company":"Accenture","reason":"Company is excluded","jobId":"260226928527","jobUrl":"https://www.naukri.com/job-listings-custom-software-engineer-accenture-solutions-pvt-ltd-coimbatore-2-to-5-years-260226928527"}
{"timestamp":"2026-02-26T13:11:52.669Z","jobTitle":"Custom Software Engineer","company":"Accenture","reason":"Company is excluded","jobId":"260226928526","jobUrl":"https://www.naukri.com/job-listings-custom-software-engineer-accenture-solutions-pvt-ltd-hyderabad-2-to-5-years-260226928526"}
{"timestamp":"2026-02-26T13:11:52.676Z","jobTitle":"Custom Software Engineer","company":"Accenture","reason":"Company is excluded","jobId":"260226928510","jobUrl":"https://www.naukri.com/job-listings-custom-software-engineer-accenture-solutions-pvt-ltd-pune-2-to-5-years-260226928510"}
{"timestamp":"2026-02-26T13:11:52.682Z","jobTitle":"Application Developer","company":"Accenture","reason":"Company is excluded","jobId":"260226928503","jobUrl":"https://www.naukri.com/job-listings-application-developer-accenture-solutions-pvt-ltd-bengaluru-2-to-5-years-260226928503"}
{"timestamp":"2026-02-26T13:11:52.689Z","jobTitle":"AI / ML Engineer","company":"Accenture","reason":"Company is excluded","jobId":"260226928499","jobUrl":"https://www.naukri.com/job-listings-ai-ml-engineer-accenture-solutions-pvt-ltd-hyderabad-2-to-5-years-260226928499"}
{"timestamp":"2026-02-26T13:11:52.696Z","jobTitle":"Application Developer","company":"Accenture","reason":"Company is excluded","jobId":"260226928491","jobUrl":"https://www.naukri.com/job-listings-application-developer-accenture-solutions-pvt-ltd-chennai-2-to-4-years-260226928491"}
{"timestamp":"2026-02-26T13:11:52.703Z","jobTitle":"Custom Software Engineer","company":"Accenture","reason":"Company is excluded","jobId":"260226928486","jobUrl":"https://www.naukri.com/job-listings-custom-software-engineer-accenture-solutions-pvt-ltd-pune-2-to-5-years-260226928486"}
{"timestamp":"2026-02-26T13:11:52.710Z","jobTitle":"Custom Software Engineer","company":"Accenture","reason":"Company is excluded","jobId":"260226928485","jobUrl":"https://www.naukri.com/job-listings-custom-software-engineer-accenture-solutions-pvt-ltd-bengaluru-2-to-5-years-260226928485"}
{"timestamp":"2026-02-26T13:11:52.717Z","jobTitle":"Cloud Platform Engineer","company":"Accenture","reason":"Company is excluded","jobId":"260226928483","jobUrl":"https://www.naukri.com/job-listings-cloud-platform-engineer-accenture-solutions-pvt-ltd-hyderabad-2-to-6-years-260226928483"}
{"timestamp":"2026-02-26T13:11:52.724Z","jobTitle":"Software Development Engineer","company":"Accenture","reason":"Company is excluded","jobId":"260226928481","jobUrl":"https://www.naukri.com/job-listings-software-development-engineer-accenture-solutions-pvt-ltd-mumbai-1-to-4-years-260226928481"}
{"timestamp":"2026-02-26T13:11:52.731Z","jobTitle":"Application Developer","company":"Accenture","reason":"Company is excluded","jobId":"260226928479","jobUrl":"https://www.naukri.com/job-listings-application-developer-accenture-solutions-pvt-ltd-chennai-2-to-5-years-260226928479"}
{"timestamp":"2026-02-26T13:11:52.738Z","jobTitle":"Software Development Engineer","company":"Accenture","reason":"Company is excluded","jobId":"260226928477","jobUrl":"https://www.naukri.com/job-listings-software-development-engineer-accenture-solutions-pvt-ltd-navi-mumbai-1-to-4-years-260226928477"}
{"timestamp":"2026-02-26T13:11:52.744Z","jobTitle":"Custom Software Engineer","company":"Accenture","reason":"Company is excluded","jobId":"260226928473","jobUrl":"https://www.naukri.com/job-listings-custom-software-engineer-accenture-solutions-pvt-ltd-navi-mumbai-2-to-5-years-260226928473"}
{"timestamp":"2026-02-26T13:11:52.751Z","jobTitle":"Test Automation Engineer","company":"Accenture","reason":"Company is excluded","jobId":"260226928464","jobUrl":"https://www.naukri.com/job-listings-test-automation-engineer-accenture-solutions-pvt-ltd-nagpur-2-to-5-years-260226928464"}
{"timestamp":"2026-02-26T13:11:52.757Z","jobTitle":"Application Developer","company":"Accenture","reason":"Company is excluded","jobId":"260226928461","jobUrl":"https://www.naukri.com/job-listings-application-developer-accenture-solutions-pvt-ltd-navi-mumbai-2-to-5-years-260226928461"}
{"timestamp":"2026-02-26T13:11:56.745Z","jobTitle":"Application Developer","company":"Accenture","reason":"Company is excluded","jobId":"260226928458","jobUrl":"https://www.naukri.com/job-listings-application-developer-accenture-solutions-pvt-ltd-pune-2-to-5-years-260226928458"}
{"timestamp":"2026-02-26T13:11:56.761Z","jobTitle":"Custom Software Engineer","company":"Accenture","reason":"Company is excluded","jobId":"260226928456","jobUrl":"https://www.naukri.com/job-listings-custom-software-engineer-accenture-solutions-pvt-ltd-nagpur-2-to-5-years-260226928456"}
{"timestamp":"2026-02-26T13:11:56.776Z","jobTitle":"Application Developer","company":"Accenture","reason":"Company is excluded","jobId":"260226928449","jobUrl":"https://www.naukri.com/job-listings-application-developer-accenture-solutions-pvt-ltd-bengaluru-2-to-5-years-260226928449"}
{"timestamp":"2026-02-26T13:11:56.787Z","jobTitle":"Application Developer","company":"Accenture","reason":"Company is excluded","jobId":"260226928446","jobUrl":"https://www.naukri.com/job-listings-application-developer-accenture-solutions-pvt-ltd-hyderabad-2-to-5-years-260226928446"}
{"timestamp":"2026-02-26T13:11:56.797Z","jobTitle":"Application Developer","company":"Accenture","reason":"Company is excluded","jobId":"260226928444","jobUrl":"https://www.naukri.com/job-listings-application-developer-accenture-solutions-pvt-ltd-hyderabad-2-to-5-years-260226928444"}
{"timestamp":"2026-02-26T13:11:56.805Z","jobTitle":"Power Platform developer","company":"Mindpool Technologies","reason":"Keyword mismatch (Java/Spring Boot)","jobId":"260226028435","jobUrl":"https://www.naukri.com/job-listings-power-platform-developer-mindpool-technologies-bengaluru-2-to-7-years-260226028435"}
{"timestamp":"2026-02-26T13:11:56.813Z","jobTitle":"Application Developer","company":"Accenture","reason":"Company is excluded","jobId":"260226928432","jobUrl":"https://www.naukri.com/job-listings-application-developer-accenture-solutions-pvt-ltd-nagpur-2-to-5-years-260226928432"}
{"timestamp":"2026-02-26T13:11:56.821Z","jobTitle":"Application Developer","company":"Accenture","reason":"Company is excluded","jobId":"260226928429","jobUrl":"https://www.naukri.com/job-listings-application-developer-accenture-solutions-pvt-ltd-nagpur-2-to-5-years-260226928429"}
{"timestamp":"2026-02-26T13:11:56.827Z","jobTitle":"Software Development Engineer","company":"Accenture","reason":"Company is excluded","jobId":"260226928427","jobUrl":"https://www.naukri.com/job-listings-software-development-engineer-accenture-solutions-pvt-ltd-bengaluru-1-to-4-years-260226928427"}
{"timestamp":"2026-02-26T13:11:56.835Z","jobTitle":"Application Developer","company":"Accenture","reason":"Company is excluded","jobId":"260226928423","jobUrl":"https://www.naukri.com/job-listings-application-developer-accenture-solutions-pvt-ltd-hyderabad-2-to-5-years-260226928423"}
{"timestamp":"2026-02-26T13:11:56.842Z","jobTitle":"Application Developer","company":"Accenture","reason":"Company is excluded","jobId":"260226928418","jobUrl":"https://www.naukri.com/job-listings-application-developer-accenture-solutions-pvt-ltd-bengaluru-2-to-5-years-260226928418"}
{"timestamp":"2026-02-26T13:11:56.849Z","jobTitle":"Application Developer","company":"Accenture","reason":"Company is excluded","jobId":"260226928410","jobUrl":"https://www.naukri.com/job-listings-application-developer-accenture-solutions-pvt-ltd-bengaluru-2-to-5-years-260226928410"}
{"timestamp":"2026-02-26T13:11:56.856Z","jobTitle":"Application Developer","company":"Accenture","reason":"Company is excluded","jobId":"260226928409","jobUrl":"https://www.naukri.com/job-listings-application-developer-accenture-solutions-pvt-ltd-mumbai-2-to-5-years-260226928409"}
{"timestamp":"2026-02-26T13:11:56.863Z","jobTitle":"Application Developer","company":"Accenture","reason":"Company is excluded","jobId":"260226928405","jobUrl":"https://www.naukri.com/job-listings-application-developer-accenture-solutions-pvt-ltd-hyderabad-2-to-5-years-260226928405"}
{"timestamp":"2026-02-26T13:11:56.872Z","jobTitle":"Application Developer","company":"Accenture","reason":"Company is excluded","jobId":"260226928398","jobUrl":"https://www.naukri.com/job-listings-application-developer-accenture-solutions-pvt-ltd-hyderabad-2-to-5-years-260226928398"}
{"timestamp":"2026-02-26T13:11:56.878Z","jobTitle":"Application Developer","company":"Accenture","reason":"Company is excluded","jobId":"260226928399","jobUrl":"https://www.naukri.com/job-listings-application-developer-accenture-solutions-pvt-ltd-hyderabad-2-to-5-years-260226928399"}
{"timestamp":"2026-02-26T13:11:56.886Z","jobTitle":"Application Developer","company":"Accenture","reason":"Company is excluded","jobId":"260226928397","jobUrl":"https://www.naukri.com/job-listings-application-developer-accenture-solutions-pvt-ltd-hyderabad-2-to-5-years-260226928397"}
{"timestamp":"2026-02-26T13:11:56.892Z","jobTitle":"Software Development Engineer","company":"Accenture","reason":"Company is excluded","jobId":"260226928395","jobUrl":"https://www.naukri.com/job-listings-software-development-engineer-accenture-solutions-pvt-ltd-bengaluru-1-to-4-years-260226928395"}
{"timestamp":"2026-02-26T13:11:56.900Z","jobTitle":"Application Developer","company":"Accenture","reason":"Company is excluded","jobId":"260226928392","jobUrl":"https://www.naukri.com/job-listings-application-developer-accenture-solutions-pvt-ltd-mumbai-2-to-5-years-260226928392"}
{"timestamp":"2026-02-26T13:11:56.908Z","jobTitle":"Custom Software Engineer","company":"Accenture","reason":"Company is excluded","jobId":"260226928391","jobUrl":"https://www.naukri.com/job-listings-custom-software-engineer-accenture-solutions-pvt-ltd-gurugram-2-to-5-years-260226928391"}
{"timestamp":"2026-02-26T13:12:00.841Z","jobTitle":"Application Developer","company":"Accenture","reason":"Company is excluded","jobId":"260226928390","jobUrl":"https://www.naukri.com/job-listings-application-developer-accenture-solutions-pvt-ltd-hyderabad-2-to-5-years-260226928390"}
{"timestamp":"2026-02-26T13:12:00.856Z","jobTitle":"Application Developer","company":"Accenture","reason":"Company is excluded","jobId":"260226928388","jobUrl":"https://www.naukri.com/job-listings-application-developer-accenture-solutions-pvt-ltd-hyderabad-2-to-5-years-260226928388"}
{"timestamp":"2026-02-26T13:12:00.869Z","jobTitle":"Data Engineer","company":"Accenture","reason":"Company is excluded","jobId":"260226928378","jobUrl":"https://www.naukri.com/job-listings-data-engineer-accenture-solutions-pvt-ltd-pune-2-to-4-years-260226928378"}
{"timestamp":"2026-02-26T13:12:00.883Z","jobTitle":"Data Engineer","company":"Accenture","reason":"Company is excluded","jobId":"260226928376","jobUrl":"https://www.naukri.com/job-listings-data-engineer-accenture-solutions-pvt-ltd-pune-2-to-4-years-260226928376"}
{"timestamp":"2026-02-26T13:12:00.898Z","jobTitle":"Data Engineer","company":"Accenture","reason":"Company is excluded","jobId":"260226928373","jobUrl":"https://www.naukri.com/job-listings-data-engineer-accenture-solutions-pvt-ltd-pune-2-to-4-years-260226928373"}
{"timestamp":"2026-02-26T13:12:00.919Z","jobTitle":"Data Engineer","company":"Accenture","reason":"Company is excluded","jobId":"260226928372","jobUrl":"https://www.naukri.com/job-listings-data-engineer-accenture-solutions-pvt-ltd-pune-2-to-4-years-260226928372"}
{"timestamp":"2026-02-26T13:12:00.935Z","jobTitle":"Data Engineer","company":"Accenture","reason":"Company is excluded","jobId":"260226928371","jobUrl":"https://www.naukri.com/job-listings-data-engineer-accenture-solutions-pvt-ltd-pune-2-to-4-years-260226928371"}
{"timestamp":"2026-02-26T13:12:00.947Z","jobTitle":"Full Stack Engineer","company":"Accenture","reason":"Company is excluded","jobId":"260226928370","jobUrl":"https://www.naukri.com/job-listings-full-stack-engineer-accenture-solutions-pvt-ltd-pune-2-to-5-years-260226928370"}
{"timestamp":"2026-02-26T13:12:00.959Z","jobTitle":"Data Engineer","company":"Accenture","reason":"Company is excluded","jobId":"260226928357","jobUrl":"https://www.naukri.com/job-listings-data-engineer-accenture-solutions-pvt-ltd-pune-2-to-4-years-260226928357"}
{"timestamp":"2026-02-26T13:12:00.972Z","jobTitle":"Custom Software Engineer","company":"Accenture","reason":"Company is excluded","jobId":"260226928355","jobUrl":"https://www.naukri.com/job-listings-custom-software-engineer-accenture-solutions-pvt-ltd-nagpur-2-to-5-years-260226928355"}
{"timestamp":"2026-02-26T13:12:00.984Z","jobTitle":"Application Developer","company":"Accenture","reason":"Company is excluded","jobId":"260226928352","jobUrl":"https://www.naukri.com/job-listings-application-developer-accenture-solutions-pvt-ltd-hyderabad-2-to-5-years-260226928352"}
{"timestamp":"2026-02-26T13:12:00.996Z","jobTitle":"Engineering Services Practitioner","company":"Accenture","reason":"Company is excluded","jobId":"260226928351","jobUrl":"https://www.naukri.com/job-listings-engineering-services-practitioner-accenture-solutions-pvt-ltd-bengaluru-2-to-7-years-260226928351"}
{"timestamp":"2026-02-26T13:12:01.008Z","jobTitle":"Application Developer","company":"Accenture","reason":"Company is excluded","jobId":"260226928347","jobUrl":"https://www.naukri.com/job-listings-application-developer-accenture-solutions-pvt-ltd-bengaluru-2-to-5-years-260226928347"}
{"timestamp":"2026-02-26T13:12:01.022Z","jobTitle":"Modernization Engineer","company":"Accenture","reason":"Company is excluded","jobId":"260226928346","jobUrl":"https://www.naukri.com/job-listings-modernization-engineer-accenture-solutions-pvt-ltd-bengaluru-2-to-5-years-260226928346"}
{"timestamp":"2026-02-26T13:12:01.034Z","jobTitle":"Custom Software Engineer","company":"Accenture","reason":"Company is excluded","jobId":"260226928343","jobUrl":"https://www.naukri.com/job-listings-custom-software-engineer-accenture-solutions-pvt-ltd-gurugram-2-to-5-years-260226928343"}
{"timestamp":"2026-02-26T13:12:01.048Z","jobTitle":"Custom Software Engineer","company":"Accenture","reason":"Company is excluded","jobId":"260226928341","jobUrl":"https://www.naukri.com/job-listings-custom-software-engineer-accenture-solutions-pvt-ltd-pune-2-to-5-years-260226928341"}
{"timestamp":"2026-02-26T13:12:01.061Z","jobTitle":"Data Modeler","company":"Accenture","reason":"Company is excluded","jobId":"260226928340","jobUrl":"https://www.naukri.com/job-listings-data-modeler-accenture-solutions-pvt-ltd-nagpur-2-to-5-years-260226928340"}
{"timestamp":"2026-02-26T13:12:01.073Z","jobTitle":"Application Developer","company":"Accenture","reason":"Company is excluded","jobId":"260226928334","jobUrl":"https://www.naukri.com/job-listings-application-developer-accenture-solutions-pvt-ltd-bengaluru-2-to-5-years-260226928334"}
{"timestamp":"2026-02-26T13:12:01.084Z","jobTitle":"Custom Software Engineer","company":"Accenture","reason":"Company is excluded","jobId":"260226928325","jobUrl":"https://www.naukri.com/job-listings-custom-software-engineer-accenture-solutions-pvt-ltd-pune-2-to-5-years-260226928325"}
{"timestamp":"2026-02-26T13:12:01.095Z","jobTitle":"Custom Software Engineer","company":"Accenture","reason":"Company is excluded","jobId":"260226928324","jobUrl":"https://www.naukri.com/job-listings-custom-software-engineer-accenture-solutions-pvt-ltd-pune-2-to-5-years-260226928324"}
{"timestamp":"2026-02-26T13:19:53.775Z","jobTitle":"Engineer, Senior - Compiler development","company":"Qualcomm","reason":"External application redirect detected","jobId":"260226928755","jobUrl":"https://www.naukri.com/job-listings-engineer-senior-compiler-development-qualcomm-india-pvt-ltd-hyderabad-2-to-7-years-260226928755"}
{"timestamp":"2026-02-26T13:19:59.972Z","jobTitle":"Application Developer","company":"Accenture","reason":"External application redirect detected","jobId":"260226928734","jobUrl":"https://www.naukri.com/job-listings-application-developer-accenture-solutions-pvt-ltd-chennai-2-to-5-years-260226928734"}
{"timestamp":"2026-02-26T13:20:06.693Z","jobTitle":"Custom Software Engineer","company":"Accenture","reason":"External application redirect detected","jobId":"260226928733","jobUrl":"https://www.naukri.com/job-listings-custom-software-engineer-accenture-solutions-pvt-ltd-chennai-2-to-5-years-260226928733"}
{"timestamp":"2026-02-26T13:20:11.899Z","jobTitle":"Custom Software Engineer","company":"Accenture","reason":"External application redirect detected","jobId":"260226928729","jobUrl":"https://www.naukri.com/job-listings-custom-software-engineer-accenture-solutions-pvt-ltd-chennai-2-to-5-years-260226928729"}
{"timestamp":"2026-02-26T13:20:16.509Z","jobTitle":"Application Designer","company":"Accenture","reason":"External application redirect detected","jobId":"260226928697","jobUrl":"https://www.naukri.com/job-listings-application-designer-accenture-solutions-pvt-ltd-chennai-2-to-5-years-260226928697"}
{"timestamp":"2026-02-26T13:20:20.999Z","jobTitle":"Quality Engineer (Tester)","company":"Accenture","reason":"External application redirect detected","jobId":"260226928694","jobUrl":"https://www.naukri.com/job-listings-quality-engineer-tester-accenture-solutions-pvt-ltd-chennai-2-to-7-years-260226928694"}
{"timestamp":"2026-02-26T13:20:25.584Z","jobTitle":"Custom Software Engineer","company":"Accenture","reason":"External application redirect detected","jobId":"260226928674","jobUrl":"https://www.naukri.com/job-listings-custom-software-engineer-accenture-solutions-pvt-ltd-chennai-2-to-5-years-260226928674"}
{"timestamp":"2026-02-26T13:20:30.355Z","jobTitle":"Custom Software Engineer","company":"Accenture","reason":"External application redirect detected","jobId":"260226928668","jobUrl":"https://www.naukri.com/job-listings-custom-software-engineer-accenture-solutions-pvt-ltd-navi-mumbai-2-to-5-years-260226928668"}
{"timestamp":"2026-02-26T13:20:34.835Z","jobTitle":"Application Developer","company":"Accenture","reason":"External application redirect detected","jobId":"260226928667","jobUrl":"https://www.naukri.com/job-listings-application-developer-accenture-solutions-pvt-ltd-pune-2-to-5-years-260226928667"}
{"timestamp":"2026-02-26T13:20:39.601Z","jobTitle":"Application Developer","company":"Accenture","reason":"External application redirect detected","jobId":"260226928662","jobUrl":"https://www.naukri.com/job-listings-application-developer-accenture-solutions-pvt-ltd-bengaluru-2-to-5-years-260226928662"}
{"timestamp":"2026-02-26T13:20:44.275Z","jobTitle":"Application Developer","company":"Accenture","reason":"External application redirect detected","jobId":"260226928661","jobUrl":"https://www.naukri.com/job-listings-application-developer-accenture-solutions-pvt-ltd-bengaluru-2-to-5-years-260226928661"}
{"timestamp":"2026-02-26T13:20:48.887Z","jobTitle":"Application Developer","company":"Accenture","reason":"External application redirect detected","jobId":"260226928657","jobUrl":"https://www.naukri.com/job-listings-application-developer-accenture-solutions-pvt-ltd-bengaluru-2-to-5-years-260226928657"}
{"timestamp":"2026-02-26T13:20:57.696Z","jobTitle":"Custom Software Engineer","company":"Accenture","reason":"External application redirect detected","jobId":"260226928586","jobUrl":"https://www.naukri.com/job-listings-custom-software-engineer-accenture-solutions-pvt-ltd-hyderabad-2-to-5-years-260226928586"}
{"timestamp":"2026-02-26T13:21:02.305Z","jobTitle":"Custom Software Engineer","company":"Accenture","reason":"External application redirect detected","jobId":"260226928584","jobUrl":"https://www.naukri.com/job-listings-custom-software-engineer-accenture-solutions-pvt-ltd-hyderabad-2-to-5-years-260226928584"}
{"timestamp":"2026-02-26T13:21:07.229Z","jobTitle":"Full Stack Engineer","company":"Accenture","reason":"External application redirect detected","jobId":"260226928579","jobUrl":"https://www.naukri.com/job-listings-full-stack-engineer-accenture-solutions-pvt-ltd-hyderabad-2-to-5-years-260226928579"}
{"timestamp":"2026-02-26T13:21:11.807Z","jobTitle":"Custom Software Engineer","company":"Accenture","reason":"External application redirect detected","jobId":"260226928578","jobUrl":"https://www.naukri.com/job-listings-custom-software-engineer-accenture-solutions-pvt-ltd-hyderabad-2-to-5-years-260226928578"}
{"timestamp":"2026-02-26T13:21:16.461Z","jobTitle":"Custom Software Engineer","company":"Accenture","reason":"External application redirect detected","jobId":"260226928573","jobUrl":"https://www.naukri.com/job-listings-custom-software-engineer-accenture-solutions-pvt-ltd-hyderabad-2-to-5-years-260226928573"}
{"timestamp":"2026-02-26T13:21:22.007Z","jobTitle":"Custom Software Engineer","company":"Accenture","reason":"External application redirect detected","jobId":"260226928564","jobUrl":"https://www.naukri.com/job-listings-custom-software-engineer-accenture-solutions-pvt-ltd-hyderabad-2-to-5-years-260226928564"}
{"timestamp":"2026-02-26T13:21:27.828Z","jobTitle":"Custom Software Engineer","company":"Accenture","reason":"External application redirect detected","jobId":"260226928561","jobUrl":"https://www.naukri.com/job-listings-custom-software-engineer-accenture-solutions-pvt-ltd-hyderabad-2-to-5-years-260226928561"}
{"timestamp":"2026-02-26T13:21:32.453Z","jobTitle":"Software Development Engineer","company":"Accenture","reason":"External application redirect detected","jobId":"260226928554","jobUrl":"https://www.naukri.com/job-listings-software-development-engineer-accenture-solutions-pvt-ltd-bengaluru-1-to-4-years-260226928554"}
{"timestamp":"2026-02-26T13:21:38.067Z","jobTitle":"Custom Software Engineer","company":"Accenture","reason":"External application redirect detected","jobId":"260226928527","jobUrl":"https://www.naukri.com/job-listings-custom-software-engineer-accenture-solutions-pvt-ltd-coimbatore-2-to-5-years-260226928527"}
{"timestamp":"2026-02-26T13:21:43.221Z","jobTitle":"Custom Software Engineer","company":"Accenture","reason":"External application redirect detected","jobId":"260226928526","jobUrl":"https://www.naukri.com/job-listings-custom-software-engineer-accenture-solutions-pvt-ltd-hyderabad-2-to-5-years-260226928526"}
{"timestamp":"2026-02-26T13:21:47.737Z","jobTitle":"Custom Software Engineer","company":"Accenture","reason":"External application redirect detected","jobId":"260226928510","jobUrl":"https://www.naukri.com/job-listings-custom-software-engineer-accenture-solutions-pvt-ltd-pune-2-to-5-years-260226928510"}
{"timestamp":"2026-02-26T13:21:52.879Z","jobTitle":"Application Developer","company":"Accenture","reason":"External application redirect detected","jobId":"260226928503","jobUrl":"https://www.naukri.com/job-listings-application-developer-accenture-solutions-pvt-ltd-bengaluru-2-to-5-years-260226928503"}
{"timestamp":"2026-02-26T13:21:57.575Z","jobTitle":"AI / ML Engineer","company":"Accenture","reason":"External application redirect detected","jobId":"260226928499","jobUrl":"https://www.naukri.com/job-listings-ai-ml-engineer-accenture-solutions-pvt-ltd-hyderabad-2-to-5-years-260226928499"}
{"timestamp":"2026-02-26T13:22:02.556Z","jobTitle":"Application Developer","company":"Accenture","reason":"External application redirect detected","jobId":"260226928491","jobUrl":"https://www.naukri.com/job-listings-application-developer-accenture-solutions-pvt-ltd-chennai-2-to-4-years-260226928491"}
{"timestamp":"2026-02-26T13:22:07.514Z","jobTitle":"Custom Software Engineer","company":"Accenture","reason":"External application redirect detected","jobId":"260226928486","jobUrl":"https://www.naukri.com/job-listings-custom-software-engineer-accenture-solutions-pvt-ltd-pune-2-to-5-years-260226928486"}
{"timestamp":"2026-02-26T13:33:13.248Z","jobTitle":"Software Development Engineer","company":"Accenture","reason":"External application redirect detected","jobId":"250226914245","jobUrl":"https://www.naukri.com/job-listings-software-development-engineer-accenture-solutions-pvt-ltd-bengaluru-1-to-4-years-250226914245"}
{"timestamp":"2026-02-26T13:33:21.357Z","jobTitle":"Application Support Engineer","company":"Accenture","reason":"External application redirect detected","jobId":"260226928317","jobUrl":"https://www.naukri.com/job-listings-application-support-engineer-accenture-solutions-pvt-ltd-hyderabad-1-to-4-years-260226928317"}
{"timestamp":"2026-02-26T13:33:29.520Z","jobTitle":"Software Development Engineer","company":"Accenture","reason":"External application redirect detected","jobId":"260226928283","jobUrl":"https://www.naukri.com/job-listings-software-development-engineer-accenture-solutions-pvt-ltd-pune-1-to-4-years-260226928283"}
{"timestamp":"2026-02-26T13:33:37.317Z","jobTitle":"Application Support Engineer","company":"Accenture","reason":"External application redirect detected","jobId":"260226928234","jobUrl":"https://www.naukri.com/job-listings-application-support-engineer-accenture-solutions-pvt-ltd-pune-1-to-4-years-260226928234"}
{"timestamp":"2026-02-26T13:33:55.278Z","jobTitle":"Native Android Developer","company":"Softlabs Technologies And Development","reason":"External application redirect detected","jobId":"260226503294","jobUrl":"https://www.naukri.com/job-listings-native-android-developer-softlabs-group-mumbai-1-to-5-years-260226503294"}
{"timestamp":"2026-02-26T13:34:03.457Z","jobTitle":"Software Development Engineer","company":"Accenture","reason":"External application redirect detected","jobId":"250226914448","jobUrl":"https://www.naukri.com/job-listings-software-development-engineer-accenture-solutions-pvt-ltd-bengaluru-1-to-4-years-250226914448"}
{"timestamp":"2026-02-26T13:34:11.046Z","jobTitle":"Software Development Engineer","company":"Accenture","reason":"External application redirect detected","jobId":"250226910011","jobUrl":"https://www.naukri.com/job-listings-software-development-engineer-accenture-solutions-pvt-ltd-gurugram-1-to-4-years-250226910011"}
{"timestamp":"2026-02-26T13:34:18.724Z","jobTitle":"Software Development Engineer","company":"Accenture","reason":"External application redirect detected","jobId":"250226909813","jobUrl":"https://www.naukri.com/job-listings-software-development-engineer-accenture-solutions-pvt-ltd-gurugram-1-to-4-years-250226909813"}
{"timestamp":"2026-02-26T13:34:31.242Z","jobTitle":"Apps/Sys Engineer 3 - Pre-Sales | Fullstack(Front-end heavy)","company":"Adobe","reason":"External application redirect detected","jobId":"250226503217","jobUrl":"https://www.naukri.com/job-listings-apps-sys-engineer-3-pre-sales-fullstack-front-end-heavy-adobe-systems-india-pvt-ltd-noida-1-to-8-years-250226503217"}
{"timestamp":"2026-02-26T13:34:40.965Z","jobTitle":"SENIOR, SOFTWARE ENGINEER","company":"Walmart","reason":"External application redirect detected","jobId":"250226501050","jobUrl":"https://www.naukri.com/job-listings-senior-software-engineer-walmart-labs-bengaluru-1-to-6-years-250226501050"}
{"timestamp":"2026-02-26T13:34:57.575Z","jobTitle":"Data Engineer","company":"Castrol India Limited","reason":"External application redirect detected","jobId":"260226505917","jobUrl":"https://www.naukri.com/job-listings-data-engineer-castrol-india-limited-pune-0-to-4-years-260226505917"}
{"timestamp":"2026-02-26T13:35:10.467Z","jobTitle":"System Development Engineer, UTR Tech in Last Mile","company":"Amazon","reason":"External application redirect detected","jobId":"260226505763","jobUrl":"https://www.naukri.com/job-listings-system-development-engineer-utr-tech-in-last-mile-amazon-development-centre-india-pvt-ltd-gurugram-0-to-6-years-260226505763"}
{"timestamp":"2026-02-26T13:35:20.261Z","jobTitle":"Ayco Engineering - Associate","company":"Goldman Sachs","reason":"External application redirect detected","jobId":"260226505657","jobUrl":"https://www.naukri.com/job-listings-ayco-engineering-associate-goldman-sachs-bengaluru-1-to-4-years-260226505657"}
{"timestamp":"2026-02-26T13:35:41.718Z","jobTitle":"GMS-Staff-Saviynt","company":"EY","reason":"External application redirect detected","jobId":"250226501407","jobUrl":"https://www.naukri.com/job-listings-gms-staff-saviynt-ernst-young-thiruvananthapuram-1-to-6-years-250226501407"}
{"timestamp":"2026-02-26T13:35:49.703Z","jobTitle":"SENIOR, SOFTWARE ENGINEER","company":"Walmart","reason":"External application redirect detected","jobId":"250226501054","jobUrl":"https://www.naukri.com/job-listings-senior-software-engineer-walmart-labs-chennai-1-to-6-years-250226501054"}
{"timestamp":"2026-02-26T13:36:21.135Z","jobTitle":"IND SENIOR, SOFTWARE ENGINEER","company":"Walmart","reason":"External application redirect detected","jobId":"260226505161","jobUrl":"https://www.naukri.com/job-listings-ind-senior-software-engineer-walmart-labs-bengaluru-1-to-6-years-260226505161"}
{"timestamp":"2026-02-26T13:36:33.975Z","jobTitle":"Engineer, Engineering","company":"Chubb Fire & Security Group","reason":"External application redirect detected","jobId":"260226503847","jobUrl":"https://www.naukri.com/job-listings-engineer-engineering-chubb-fire-security-group-bengaluru-1-to-5-years-260226503847"}
{"timestamp":"2026-02-26T13:36:45.779Z","jobTitle":"IND SENIOR, SOFTWARE ENGINEER","company":"Walmart","reason":"External application redirect detected","jobId":"250226501053","jobUrl":"https://www.naukri.com/job-listings-ind-senior-software-engineer-walmart-labs-chennai-1-to-6-years-250226501053"}
{"timestamp":"2026-02-26T13:37:05.881Z","jobTitle":"Software Development Engineer","company":"Accenture","reason":"External application redirect detected","jobId":"250226915513","jobUrl":"https://www.naukri.com/job-listings-software-development-engineer-accenture-solutions-pvt-ltd-chennai-1-to-4-years-250226915513"}
{"timestamp":"2026-02-26T13:37:13.761Z","jobTitle":"Software Development Engineer","company":"Accenture","reason":"External application redirect detected","jobId":"250226912343","jobUrl":"https://www.naukri.com/job-listings-software-development-engineer-accenture-solutions-pvt-ltd-hyderabad-1-to-4-years-250226912343"}
{"timestamp":"2026-02-26T13:37:34.442Z","jobTitle":"Software Development Engineer","company":"Accenture","reason":"External application redirect detected","jobId":"250226909992","jobUrl":"https://www.naukri.com/job-listings-software-development-engineer-accenture-solutions-pvt-ltd-hyderabad-1-to-4-years-250226909992"}
{"timestamp":"2026-02-26T13:44:46.018Z","jobTitle":"Quality Engineer (Tester)","company":"Accenture","reason":"Company is excluded","jobId":"260226928701","jobUrl":"https://www.naukri.com/job-listings-quality-engineer-tester-accenture-solutions-pvt-ltd-chennai-2-to-4-years-260226928701"}
{"timestamp":"2026-02-26T13:44:46.034Z","jobTitle":"Quality Engineer (Tester)","company":"Accenture","reason":"Company is excluded","jobId":"260226928686","jobUrl":"https://www.naukri.com/job-listings-quality-engineer-tester-accenture-solutions-pvt-ltd-chennai-2-to-4-years-260226928686"}
{"timestamp":"2026-02-26T13:44:46.046Z","jobTitle":"Application Developer","company":"Accenture","reason":"Company is excluded","jobId":"260226928651","jobUrl":"https://www.naukri.com/job-listings-application-developer-accenture-solutions-pvt-ltd-bengaluru-2-to-5-years-260226928651"}
{"timestamp":"2026-02-26T13:44:46.056Z","jobTitle":"Software Development Engineer","company":"Accenture","reason":"Company is excluded","jobId":"260226928650","jobUrl":"https://www.naukri.com/job-listings-software-development-engineer-accenture-solutions-pvt-ltd-bengaluru-1-to-4-years-260226928650"}
{"timestamp":"2026-02-26T13:44:46.066Z","jobTitle":"Custom Software Engineer","company":"Accenture","reason":"Company is excluded","jobId":"260226928640","jobUrl":"https://www.naukri.com/job-listings-custom-software-engineer-accenture-solutions-pvt-ltd-bengaluru-2-to-5-years-260226928640"}
{"timestamp":"2026-02-26T13:44:57.762Z","jobTitle":"Application Support Engineer","company":"Accenture","reason":"Company is excluded","jobId":"260226928629","jobUrl":"https://www.naukri.com/job-listings-application-support-engineer-accenture-solutions-pvt-ltd-bengaluru-1-to-4-years-260226928629"}
{"timestamp":"2026-02-26T13:44:57.773Z","jobTitle":"Custom Software Engineer","company":"Accenture","reason":"Company is excluded","jobId":"260226928622","jobUrl":"https://www.naukri.com/job-listings-custom-software-engineer-accenture-solutions-pvt-ltd-bengaluru-2-to-5-years-260226928622"}
{"timestamp":"2026-02-26T13:44:57.782Z","jobTitle":"Data Engineer","company":"Accenture","reason":"Company is excluded","jobId":"260226928603","jobUrl":"https://www.naukri.com/job-listings-data-engineer-accenture-solutions-pvt-ltd-hyderabad-2-to-4-years-260226928603"}
{"timestamp":"2026-02-26T13:44:57.789Z","jobTitle":"Application Developer","company":"Accenture","reason":"Company is excluded","jobId":"260226928601","jobUrl":"https://www.naukri.com/job-listings-application-developer-accenture-solutions-pvt-ltd-hyderabad-2-to-5-years-260226928601"}
{"timestamp":"2026-02-26T13:44:57.795Z","jobTitle":"Application Developer","company":"Accenture","reason":"Company is excluded","jobId":"260226928596","jobUrl":"https://www.naukri.com/job-listings-application-developer-accenture-solutions-pvt-ltd-hyderabad-2-to-5-years-260226928596"}
{"timestamp":"2026-02-26T13:45:01.768Z","jobTitle":"Application Developer","company":"Accenture","reason":"Company is excluded","jobId":"260226928595","jobUrl":"https://www.naukri.com/job-listings-application-developer-accenture-solutions-pvt-ltd-hyderabad-2-to-5-years-260226928595"}
{"timestamp":"2026-02-26T13:45:01.776Z","jobTitle":"Software Development Engineer","company":"Accenture","reason":"Company is excluded","jobId":"260226928592","jobUrl":"https://www.naukri.com/job-listings-software-development-engineer-accenture-solutions-pvt-ltd-hyderabad-1-to-4-years-260226928592"}
{"timestamp":"2026-02-26T13:45:01.787Z","jobTitle":"Application Developer","company":"Accenture","reason":"Company is excluded","jobId":"260226928589","jobUrl":"https://www.naukri.com/job-listings-application-developer-accenture-solutions-pvt-ltd-hyderabad-2-to-5-years-260226928589"}
{"timestamp":"2026-02-26T13:45:01.798Z","jobTitle":"Cloud Platform Engineer","company":"Accenture","reason":"Company is excluded","jobId":"260226928483","jobUrl":"https://www.naukri.com/job-listings-cloud-platform-engineer-accenture-solutions-pvt-ltd-hyderabad-2-to-6-years-260226928483"}
{"timestamp":"2026-02-26T13:45:01.811Z","jobTitle":"Application Developer","company":"Accenture","reason":"Company is excluded","jobId":"260226928479","jobUrl":"https://www.naukri.com/job-listings-application-developer-accenture-solutions-pvt-ltd-chennai-2-to-5-years-260226928479"}
{"timestamp":"2026-02-26T13:45:01.823Z","jobTitle":"Software Development Engineer","company":"Accenture","reason":"Company is excluded","jobId":"260226928477","jobUrl":"https://www.naukri.com/job-listings-software-development-engineer-accenture-solutions-pvt-ltd-navi-mumbai-1-to-4-years-260226928477"}
{"timestamp":"2026-02-26T13:45:01.834Z","jobTitle":"Custom Software Engineer","company":"Accenture","reason":"Company is excluded","jobId":"260226928473","jobUrl":"https://www.naukri.com/job-listings-custom-software-engineer-accenture-solutions-pvt-ltd-navi-mumbai-2-to-5-years-260226928473"}
{"timestamp":"2026-02-26T13:45:01.844Z","jobTitle":"Test Automation Engineer","company":"Accenture","reason":"Company is excluded","jobId":"260226928464","jobUrl":"https://www.naukri.com/job-listings-test-automation-engineer-accenture-solutions-pvt-ltd-nagpur-2-to-5-years-260226928464"}
{"timestamp":"2026-02-26T13:45:01.854Z","jobTitle":"Application Developer","company":"Accenture","reason":"Company is excluded","jobId":"260226928461","jobUrl":"https://www.naukri.com/job-listings-application-developer-accenture-solutions-pvt-ltd-navi-mumbai-2-to-5-years-260226928461"}
{"timestamp":"2026-02-26T13:45:01.862Z","jobTitle":"Application Developer","company":"Accenture","reason":"Company is excluded","jobId":"260226928458","jobUrl":"https://www.naukri.com/job-listings-application-developer-accenture-solutions-pvt-ltd-pune-2-to-5-years-260226928458"}
{"timestamp":"2026-02-26T13:45:01.872Z","jobTitle":"Application Developer","company":"Accenture","reason":"Company is excluded","jobId":"260226928449","jobUrl":"https://www.naukri.com/job-listings-application-developer-accenture-solutions-pvt-ltd-bengaluru-2-to-5-years-260226928449"}
{"timestamp":"2026-02-26T13:45:13.535Z","jobTitle":"Application Developer","company":"Accenture","reason":"Company is excluded","jobId":"260226928432","jobUrl":"https://www.naukri.com/job-listings-application-developer-accenture-solutions-pvt-ltd-nagpur-2-to-5-years-260226928432"}
{"timestamp":"2026-02-26T13:45:13.550Z","jobTitle":"Software Development Engineer","company":"Accenture","reason":"Company is excluded","jobId":"260226928427","jobUrl":"https://www.naukri.com/job-listings-software-development-engineer-accenture-solutions-pvt-ltd-bengaluru-1-to-4-years-260226928427"}
{"timestamp":"2026-02-26T13:45:13.563Z","jobTitle":"Application Developer","company":"Accenture","reason":"Company is excluded","jobId":"260226928409","jobUrl":"https://www.naukri.com/job-listings-application-developer-accenture-solutions-pvt-ltd-mumbai-2-to-5-years-260226928409"}
{"timestamp":"2026-02-26T13:45:13.576Z","jobTitle":"Software Development Engineer","company":"Accenture","reason":"Company is excluded","jobId":"260226928395","jobUrl":"https://www.naukri.com/job-listings-software-development-engineer-accenture-solutions-pvt-ltd-bengaluru-1-to-4-years-260226928395"}
{"timestamp":"2026-02-26T13:45:13.589Z","jobTitle":"Application Developer","company":"Accenture","reason":"Company is excluded","jobId":"260226928392","jobUrl":"https://www.naukri.com/job-listings-application-developer-accenture-solutions-pvt-ltd-mumbai-2-to-5-years-260226928392"}
{"timestamp":"2026-02-26T13:45:13.601Z","jobTitle":"Data Engineer","company":"Accenture","reason":"Company is excluded","jobId":"260226928378","jobUrl":"https://www.naukri.com/job-listings-data-engineer-accenture-solutions-pvt-ltd-pune-2-to-4-years-260226928378"}
{"timestamp":"2026-02-26T13:45:13.613Z","jobTitle":"Data Engineer","company":"Accenture","reason":"Company is excluded","jobId":"260226928376","jobUrl":"https://www.naukri.com/job-listings-data-engineer-accenture-solutions-pvt-ltd-pune-2-to-4-years-260226928376"}
{"timestamp":"2026-02-26T13:45:13.625Z","jobTitle":"Data Engineer","company":"Accenture","reason":"Company is excluded","jobId":"260226928373","jobUrl":"https://www.naukri.com/job-listings-data-engineer-accenture-solutions-pvt-ltd-pune-2-to-4-years-260226928373"}
{"timestamp":"2026-02-26T13:45:17.656Z","jobTitle":"Data Engineer","company":"Accenture","reason":"Company is excluded","jobId":"260226928372","jobUrl":"https://www.naukri.com/job-listings-data-engineer-accenture-solutions-pvt-ltd-pune-2-to-4-years-260226928372"}
{"timestamp":"2026-02-26T13:45:17.671Z","jobTitle":"Data Engineer","company":"Accenture","reason":"Company is excluded","jobId":"260226928371","jobUrl":"https://www.naukri.com/job-listings-data-engineer-accenture-solutions-pvt-ltd-pune-2-to-4-years-260226928371"}
{"timestamp":"2026-02-26T13:45:17.684Z","jobTitle":"Full Stack Engineer","company":"Accenture","reason":"Company is excluded","jobId":"260226928370","jobUrl":"https://www.naukri.com/job-listings-full-stack-engineer-accenture-solutions-pvt-ltd-pune-2-to-5-years-260226928370"}
{"timestamp":"2026-02-26T13:45:17.695Z","jobTitle":"Data Engineer","company":"Accenture","reason":"Company is excluded","jobId":"260226928357","jobUrl":"https://www.naukri.com/job-listings-data-engineer-accenture-solutions-pvt-ltd-pune-2-to-4-years-260226928357"}
{"timestamp":"2026-02-26T13:45:17.705Z","jobTitle":"Custom Software Engineer","company":"Accenture","reason":"Company is excluded","jobId":"260226928355","jobUrl":"https://www.naukri.com/job-listings-custom-software-engineer-accenture-solutions-pvt-ltd-nagpur-2-to-5-years-260226928355"}
{"timestamp":"2026-02-26T13:45:17.715Z","jobTitle":"Engineering Services Practitioner","company":"Accenture","reason":"Company is excluded","jobId":"260226928351","jobUrl":"https://www.naukri.com/job-listings-engineering-services-practitioner-accenture-solutions-pvt-ltd-bengaluru-2-to-7-years-260226928351"}
{"timestamp":"2026-02-26T13:45:17.723Z","jobTitle":"Application Developer","company":"Accenture","reason":"Company is excluded","jobId":"260226928347","jobUrl":"https://www.naukri.com/job-listings-application-developer-accenture-solutions-pvt-ltd-bengaluru-2-to-5-years-260226928347"}
{"timestamp":"2026-02-26T13:45:17.732Z","jobTitle":"Modernization Engineer","company":"Accenture","reason":"Company is excluded","jobId":"260226928346","jobUrl":"https://www.naukri.com/job-listings-modernization-engineer-accenture-solutions-pvt-ltd-bengaluru-2-to-5-years-260226928346"}
{"timestamp":"2026-02-26T13:45:17.739Z","jobTitle":"Custom Software Engineer","company":"Accenture","reason":"Company is excluded","jobId":"260226928343","jobUrl":"https://www.naukri.com/job-listings-custom-software-engineer-accenture-solutions-pvt-ltd-gurugram-2-to-5-years-260226928343"}
{"timestamp":"2026-02-26T13:45:17.746Z","jobTitle":"Data Modeler","company":"Accenture","reason":"Company is excluded","jobId":"260226928340","jobUrl":"https://www.naukri.com/job-listings-data-modeler-accenture-solutions-pvt-ltd-nagpur-2-to-5-years-260226928340"}
{"timestamp":"2026-02-26T13:45:17.752Z","jobTitle":"Application Developer","company":"Accenture","reason":"Company is excluded","jobId":"260226928334","jobUrl":"https://www.naukri.com/job-listings-application-developer-accenture-solutions-pvt-ltd-bengaluru-2-to-5-years-260226928334"}
{"timestamp":"2026-02-26T13:45:17.760Z","jobTitle":"Custom Software Engineer","company":"Accenture","reason":"Company is excluded","jobId":"260226928325","jobUrl":"https://www.naukri.com/job-listings-custom-software-engineer-accenture-solutions-pvt-ltd-pune-2-to-5-years-260226928325"}
{"timestamp":"2026-02-26T13:45:17.766Z","jobTitle":"Custom Software Engineer","company":"Accenture","reason":"Company is excluded","jobId":"260226928324","jobUrl":"https://www.naukri.com/job-listings-custom-software-engineer-accenture-solutions-pvt-ltd-pune-2-to-5-years-260226928324"}
{"timestamp":"2026-02-26T13:45:17.772Z","jobTitle":"Application Support Engineer","company":"Accenture","reason":"Company is excluded","jobId":"260226928322","jobUrl":"https://www.naukri.com/job-listings-application-support-engineer-accenture-solutions-pvt-ltd-pune-1-to-4-years-260226928322"}
{"timestamp":"2026-02-26T13:45:17.779Z","jobTitle":"Software Development Engineer","company":"Accenture","reason":"Company is excluded","jobId":"260226928319","jobUrl":"https://www.naukri.com/job-listings-software-development-engineer-accenture-solutions-pvt-ltd-pune-1-to-4-years-260226928319"}
{"timestamp":"2026-02-26T13:45:17.785Z","jobTitle":"Software Development Engineer","company":"Accenture","reason":"Company is excluded","jobId":"260226928318","jobUrl":"https://www.naukri.com/job-listings-software-development-engineer-accenture-solutions-pvt-ltd-pune-1-to-4-years-260226928318"}
{"timestamp":"2026-02-26T13:45:17.793Z","jobTitle":"Data Engineer","company":"Accenture","reason":"Company is excluded","jobId":"260226928300","jobUrl":"https://www.naukri.com/job-listings-data-engineer-accenture-solutions-pvt-ltd-pune-2-to-4-years-260226928300"}
{"timestamp":"2026-02-26T13:45:17.799Z","jobTitle":"Application Developer","company":"Accenture","reason":"Company is excluded","jobId":"260226928276","jobUrl":"https://www.naukri.com/job-listings-application-developer-accenture-solutions-pvt-ltd-pune-2-to-5-years-260226928276"}
{"timestamp":"2026-02-26T13:45:17.805Z","jobTitle":"Application Developer","company":"Accenture","reason":"Company is excluded","jobId":"260226928273","jobUrl":"https://www.naukri.com/job-listings-application-developer-accenture-solutions-pvt-ltd-jaipur-2-to-5-years-260226928273"}
